

dumie@Dumie MINGW32 ~ (master)
$ pwd
/c/Users/dumie

dumie@Dumie MINGW32 ~ (master)
$ mkdir clihw2

dumie@Dumie MINGW32 ~ (master)
$ cd clihw2

dumie@Dumie MINGW32 ~/clihw2 (master)
$ pwd
/c/Users/dumie/clihw2

dumie@Dumie MINGW32 ~/clihw2 (master)
$ touch blank

dumie@Dumie MINGW32 ~/clihw2 (master)
$ for i in {1..5}; do echo "Hello" >> greetings.txt; done

dumie@Dumie MINGW32 ~/clihw2 (master)
$ for i in {1..5}; do cp greetings.txt $i.txt; done

dumie@Dumie MINGW32 ~/clihw2 (master)
$ echo "cat" > pets.txt

dumie@Dumie MINGW32 ~/clihw2 (master)
$ echo "dog" >> pest.txt

dumie@Dumie MINGW32 ~/clihw2 (master)
$ echo "hamster" >> pets.txt

dumie@Dumie MINGW32 ~/clihw2 (master)
$ echo "cat" > commands.txt

dumie@Dumie MINGW32 ~/clihw2 (master)
$ echo "ls" >> commands.txt

dumie@Dumie MINGW32 ~/clihw2 (master)
$ echo "pwd" >> commands.txt

dumie@Dumie MINGW32 ~/clihw2 (master)
$ -u pets.txt commands.txt > lovelycommands.txt
bash: -u: command not found

dumie@Dumie MINGW32 ~/clihw2 (master)
$ cat pets.txt commands.txt | uniq > lovelycommands.txt

dumie@Dumie MINGW32 ~/clihw2 (master)
$


