
dumie@Dumie MINGW32 ~ (master)
$ pwd
/c/Users/dumie

dumie@Dumie MINGW32 ~ (master)
$ mkdir commandlineHW2

dumie@Dumie MINGW32 ~ (master)
$ pwd
/c/Users/dumie

dumie@Dumie MINGW32 ~ (master)
$ cd commandlineHW2/

dumie@Dumie MINGW32 ~/commandlineHW2 (master)
$ touch blank

dumie@Dumie MINGW32 ~/commandlineHW2 (master)
$ echo "Hello" >> greetings.txt

dumie@Dumie MINGW32 ~/commandlineHW2 (master)
$ echo "Hello" >> greetings.txt

dumie@Dumie MINGW32 ~/commandlineHW2 (master)
$ echo "Hello" >> greetings.txt

dumie@Dumie MINGW32 ~/commandlineHW2 (master)
$ echo "Hello" >> greetings.txt

dumie@Dumie MINGW32 ~/commandlineHW2 (master)
$ echo "Hello" >> greetings.txt

dumie@Dumie MINGW32 ~/commandlineHW2 (master)
$ pwd
/c/Users/dumie/commandlineHW2

dumie@Dumie MINGW32 ~/commandlineHW2 (master)
$ cat greetings.txt > 1.txt

dumie@Dumie MINGW32 ~/commandlineHW2 (master)
$ cat greetings.txt > 2.txt

dumie@Dumie MINGW32 ~/commandlineHW2 (master)
$ cat greetings.txt > 3.txt

dumie@Dumie MINGW32 ~/commandlineHW2 (master)
$ cat greetings.txt > 4.txt

dumie@Dumie MINGW32 ~/commandlineHW2 (master)
$ cat greetings.txt > 5.txt

dumie@Dumie MINGW32 ~/commandlineHW2 (master)
$ echo "cat" >> pets.txt

dumie@Dumie MINGW32 ~/commandlineHW2 (master)
$ echo "dog" >> pets.txt

dumie@Dumie MINGW32 ~/commandlineHW2 (master)
$ echo "hamster" >> pets.txt

dumie@Dumie MINGW32 ~/commandlineHW2 (master)
$ pwd
/c/Users/dumie/commandlineHW2

dumie@Dumie MINGW32 ~/commandlineHW2 (master)
$ pwd
/c/Users/dumie/commandlineHW2

dumie@Dumie MINGW32 ~/commandlineHW2 (master)
$ echo "cat" >> commands.txt

dumie@Dumie MINGW32 ~/commandlineHW2 (master)
$ echo "ls" >> commands.txt

dumie@Dumie MINGW32 ~/commandlineHW2 (master)
$ echo "ls" >> commands.txt

dumie@Dumie MINGW32 ~/commandlineHW2 (master)
$ echo "pwd" >> commands.txt

dumie@Dumie MINGW32 ~/commandlineHW2 (master)
$ sort commands.txt pets.txt > lovelyCommands.txt

dumie@Dumie MINGW32 ~/commandlineHW2 (master)
$ r lovelyCommands.txt
bash: r: command not found

dumie@Dumie MINGW32 ~/commandlineHW2 (master)
$

